[2026-08-03T16:42:50.619Z] 🚀 بدء تشغيل السكربت
[2026-08-03T16:42:50.620Z] 📌 نقطة التوقف الحالية: الفهرس 0
[2026-08-03T16:43:24.195Z] ✅ واتساب جاهز
[2026-08-03T16:43:24.198Z] 📞 عدد الأرقام بعد التنظيف: 6
[2026-08-03T16:43:24.199Z] 📝 تم تحميل 5 رسالة من message.json
[2026-08-03T16:43:24.199Z] 📌 نماذج من الرسائل: 🌙🤍 مساء النور. | ✨🌹 مساء الأنوار. | 🌸😊 مساء الورد. ...
[2026-08-03T16:43:24.199Z] ⏩ الاستئناف من الفهرس 0 (الرقم: 212607301499)
[2026-08-03T16:43:25.081Z] ✔ تم الإرسال إلى 212607301499 (💙🌙 مساء الفل....)
[2026-08-03T16:43:25.084Z] ⏳ انتظار 32.8 ثانية
[2026-08-03T16:43:58.215Z] ✔ تم الإرسال إلى 212602088262 (🌼✨ مساء السعادة....)
[2026-08-03T16:43:58.215Z] ⏳ انتظار 20.6 ثانية
[2026-08-03T16:44:19.029Z] ✔ تم الإرسال إلى 34632547380 (✨🌹 مساء الأنوار....)
[2026-08-03T16:44:19.030Z] ⏳ انتظار 20.6 ثانية
[2026-08-03T16:44:39.925Z] ✔ تم الإرسال إلى 212703106510 (🌸😊 مساء الورد....)
[2026-08-03T16:44:39.926Z] ⏳ انتظار 23.4 ثانية
[2026-08-03T16:45:03.659Z] ✔ تم الإرسال إلى 212601781138 (💙🌙 مساء الفل....)
[2026-08-03T16:45:03.660Z] ⏳ انتظار 23.3 ثانية
[2026-08-03T16:45:27.223Z] ✔ تم الإرسال إلى 212707196436 (🌸😊 مساء الورد....)
[2026-08-03T16:45:27.223Z] ⏳ انتظار 31.3 ثانية
[2026-08-03T16:45:58.505Z] 🏁 انتهت الحلقة الرئيسية
[2026-08-03T16:45:58.507Z] 📊 تم تحديث aggregate.json
[2026-08-03T16:45:58.801Z] 📨 تم إرسال التقرير للإدمن
